// Jest Snapshot v1, https://goo.gl/fbAQLP

exports[`Home HTML Structure should render properly 1`] = `
<DocumentFragment>
  <h2
    class="MuiTypography-root MuiTypography-h2 MuiTypography-gutterBottom"
  >
    Home Page
  </h2>
</DocumentFragment>
`;
